-bash-3.2# cd /var/db/diagnostics     
-bash-3.2# ls
Signpost			Special				logd.0.log			logdata.statistics.0.txt	timesync			version.plist
-bash-3.2# rm -r signpost
-bash-3.2# ls
Special				logd.0.log			logdata.statistics.0.txt	timesync			version.plist
-bash-3.2# ls special
0000000000000001.tracev3
-bash-3.2# cat special/0000000000000001.tracev3
?}OeL??aOea8
            21D49MacBookPro17,1a?? ?NC???an??4a0/var/db/timezone/zoneinfo/US/Pacific
                                                                                    `?
                                                                                      ?Oe;rЈJ?4%??
                                                                                                  L;?܃%4?4?3U?
                                                                                                              ??p?&M?{??2+??QM?GgC9?'ɓ9L??u???kx?,z?;??l8?t?bE ;?y~9???+?.`U>??>@?0??I??P??/Py8s??T?*Y?1E?-=?h??????񾉕Y?7????????@t?7߳k??#mK=?\?"?;9Y?2!? ??Q?4?8???۴?ч?D?[x0?

&8R??Z?fs,7??/4???com.apple.mobileactivationddaemoncom.apple.SkyLightdefaultcom.apple.coreanimationWindowServerdisplaycom.apple.defaultsUser Defaultspackagescom.apple.launchservicesdbappinstallationcom.apple.coreservicesstoreGCextensionsneeds-regcom.apple.coreuiframeworkcom.apple.mac.installStartupDiskcom.apple.CoreDisplaycom.apple.networkcom.apple.mobileassetdNoticeDebugErrorcom.apple.locationd.CoreCorecom.apple.locationd.LegacyGeneric_deprecatedcom.apple.locationd.MotionAOPGyrocom.apple.suSUcom.apple.MobileSoftwareUpdateInfolibpartition2com.apple.runtime-issuesNSToolbarItemcom.apple.BootPolicyLibraryrCr?G?^s???R?6m?
     ???????    ???\????[r[y[k~HZB?Bk~:HZ???c&U?6]?

                                                   ?@?d7PX?6^?

??_?q@q?????F?F?????$????*?9?9??$)\?\!???6???????	
???`?X?6V?VX#6#?E?6#c>V
????6&???6?*I8?*??     k??-?*#??*?????????Y?*?Y?*P?>?|r???-?*x??*??6???}?I??*4?+???C??j????r?#$???6H)yZk[???~?,?o?Y*??

??
  #?}?A`?	


?c#???6??9YQ*}ozD??	

                        P????67???{zDk??&??
s??6^?X?C?yJ?p?
               #?6??J???Z?`?
                            ?Q?z??w23x?
                                       ???23{?P???
                                                  ?|Q?x?	???
                                                                   ?	?
                                                                         ??z??
                                                                              ??STT?S? ?
????X                                                                                  ????6????S?#?M,??
@"??1g???H?DR^??G?("I?(?"t?(?e?k?????V?$?2???X?c?2#!@???c?(    0/0                                      ??N,Xۊ???
?&?#x1L?h?+??VjR( (?(A???&U?( r?(A!܄?"#x??ain=com.apple.MobileActivation.('?? Code=-1 "Failed to create/open /System/Volumes/Hardware/recoverylogd: 1 (Oper_? not permitted)" UserInfo={NSLocalizedDescrip1= ?(?@/??@?,/??@?,??k@?+/:?@?,?ml@?+/?@?,/??h 0?@h@?,/?v@?,??m@?+/??1???V??7?p??????4
%34j( ??@8z??F8u B 8aApplicC??s/SafariMzW=? X: "?@8 8(                              ?]?"???(7Z?RemoteHID State??	bplist00?_PreviousX?Devices]r??
         ??h                                         0"L?808?????AudioUnit?
?           ?s??`??,?	??E?t??(?nХ??7`?$	???Z?{??2+??QM?GgC??X?'6?ʋ_? ??P???(?|Rf?;
???? ,?B/LH?H?2??N ??.?3???                                                         ? D"(0' ?#@?/$L(ջ$9
???                                                                                                 ? ?M(?' 2O@?/?}(
 ? ??2"?I?/I??f                                                                                                     ? r(?' ۀ@?/(????? ܭX?' ??@?/??(
0  g?@? ??(???x ?0x W?(x                                                                                                                           P ??(?' ??@?)??(	?        ??(?*
05?VO\0?8I"?(? ?#(7?00laxz??a@u4B4@?H ?JHP?+x "<?
"[((?'>?]?h0B0?-SC?     ? 1?"???   ??   Input%20Methods/KoreanIMT@KIM-???v`1\??`	P"?^(?@"?(@&?Ҁ"??X"X?X?1???(?
 >?(?'?bˀ.T?? ?/L(A??(@""%0LCD?                                                &+kX@
?,((??0??"??(?    ? ?M(:??     F?]X1?WfX=ԧ:X?( ?Z(A_T?(X?#P00 &b38 [ 800 x  600 1x @ 60.0Hz], rot = 0, dp-x
W`?5%???? '0?ale?Hx/?\x1x 25x_525 2x
        H )OX?/Ft(                  7645x?656/9^x2x4?x?'28x?328/?_x3x@1024x?640?"80vh?x/?axx?768?4x?480/-cx5x0152?/72X)45x5x	/?dx6x!28?6h
5x?0.5?            {m( ?o( ??@?H                                                                                                            71.0?/?fx7xh
1DFR??&!?X ?_Q??C??0??5X?xte? cw?H/??(?0Ad?X	#?     X #?(
                         D?'}x    ?Rloginy?@Lite?G
                               ?($?(?`lN       ?? !GP?/??(
F                                       "B?B??"l[         ? t?(0' ??@?/??(
 Oaee5"#6?       MѸg?8B8w???                                              ? ??(?' ??@????(
"N?(?&G%@1?@.\("?          ?1ʕϠ?                                                          ? ?(?' ?@?/:(
(?(c(">??Κ?܇G`???}?\?H?Gl+???*?)0??&/d?,/|??dd6?                                                       ? ?;(?' 7=@?/?a(
       ((?("\(?(&&( ??(Ax?dPR??_<_LSString??#r U%?2ba0bc0> { '?&?.framework'; 1 l:?                                    ? Nc(?' ?d@?/??(
? loaded: en }?^? ي?C?` ?"2392?8&?-8 D?8P??1T                                                                                          ? R?(?' ??@??(
&aH0 ??0P|2?0urc?S?Ӧ?'(tA-?(?? (	&: 1?windowserver.dY!s,?2: kT?erencesAny?, ByHost: Yes, Container: (null)?ents Need Refresh/?)setting these p? ??(?' ?@?VF$er-?-write or fil?-data sandbox access??
zs|     "-l?h?@"0@P@0   ?"\X@h@                                                                                                                                     d?(K	?P
 ?"(?                          @ ?l@                                                                                                                                              G?("?(.l?1? ?x?
??? ?0 ?@?0?0??DiskImageMountert?!H @hc?k0X
                       &?8"y(W,?E  8/a7?928???~? ??8Pu? C*$?
                                " P? ?'n??                  /Rv?4099 UserInfo={NSDebug
?"S?@   ?@                                !???@?+/?@?,/t'@?,/1@?,/?@@?,/?H@?,???@?+/4??0<pr??0e>}^?1???8@?0-?.?p??d?
         ?"i?@  ?@                                                                                               /?@?,/??@?,/??@?,/t?@?,/>?@?,/D?@?,???@?+/?@?,/_@?,/J@?,/_R@?0-/?hp?
???O?                                                                                                                                                                                0/p{@?,/??@?,/P?@?,???@?/ֺ@+/??@+/??@+???@*/T5@?,/J]@?,/fe@?,/,q@?0-/W?p?
                        ? ?P@                    0/f?@?,/V?@?-?@?,/??@?,/??@?,/??@?,/??@?,?$3?@?+/VC@?,/?`@?,/?m@?0-/`up?
                             }pP?0                                                                                       0/I?@?,/?@?,/A?@?,/U?@?,/??@?,/.?@?,/??@?,/??@?,/??@?,??C?@?+/U?@?0-/?p?
                                  X ΎX(' ?@(                                                                                                                                                     0/?@?,/:?@?,/??@?,???@?+/q%@?,/?.@?,/?a@?,/{@?,/??@?,/b? O?P?'/?-/x4p?
                                                    ?@+??@*/?&@+/?D@+/4c@+/??@?X ??@(?@?,/Z?@?,/o?@?,/?@?,/T?@?,???@?+/?
                                                                                      ?2        ??@??9? ????)??:ӫ?R?p]? ?@(& ?_CLDaemonStatus?eTracker
?9                                                                                                                               0/YK@?,/>T@?,/?t@?,//R?,/t?@?,//?@?,/`?@?,/ͮ@?,/O?@?,/v?@?,/7?@?0??y\"?/Ј?S?ߦ|?y???'(??"???
0????0    R?30 !)zRlsd@z&@*@?Z??`?`?!8?`?qNSCocoaL??260 "The?{F “X|L,?1Ser???!-3027-v2.csstore” couldn’t be opened because|?re is no suchb.`??ilePath=/var/folders/zz/zyxvpxvq6csfxvn_n}?/0/??.dv
      00?ClientManag%1?@ @GX?/??3?                                                                                                                                                               ??, NSURL=??`#(&?(@??P0ying?@=0x6??3088000 {?hA/?@?,/??@?, ??)??(/?"@?,?A?@?+/??@?,/`?@?,/??@?,??8/?[8??V??8?/??Lm??P????&D#( q?(P	?
?@?+/?#@?,/P0@?0?0'P-(@? `?( "``MissȂ?iTunes meta??`5p֥h??"r?-?hhZB]ơf*56fLibraryE
                  hA?p:? ????z43??SBS"FU?s/CryptoTokenKito?P/pivtN7ex/?          '?2A/ --J??
?Types.bundle/?Ӄ/?yD#sK?Od812?0?=t a?0?&????m#Tˢ???qEnglish8V?????G3?@*;)?5? ?B?XV?-(1;`?([P??P&?G"Yt(!$x`B?(x?(2???0??R3u0001?0?0`??`1?&ܸ?!( )(h'@ 'v@h' 8 ؕ8? ~ ?`VoiceO?? $A#?:
{9c330 {9.C&?? ???\_3B3?:                                                    .	PlugIns?
 h(??.? Gv@?#?CO8b69t6p ?y?hp?.?#V??x1l????|???0/{?1?߈?
 ?f('?9?????Install%20in%20ProgressRx1?E?!OO in K??d74$6{( ?>?(ABA)(?60pPackage?
 ??(@'?I??@?@??Language%20Choos?	'J H8?ad6?)78 O?l8_<B< 5?
 ?X(1(1?((8((                                                    .3"-?
 3((
?(?(0???`??(?thAgent?%D??e1c?:? ??b?6B6?
 0??	?H
 ?<(?X 
 ?@(<?EO9dc2?L ??j?_:BV=?
                         ?1e?0
 ط(('????(???
"???(e.6? ?D?p(>B>?.,$Y
?FL?security.9-'-'?&DT?PO8577>6@ ?}??@JBJ0@?p
"??(?                `1?W??[<U"?Y(?
<??
@"??@1?{???`?E???????4??@P?`?(??@?(???5` ?8derly`>*(-eU(L? g(? ?m80 {?QP?7` H?(` .?8r di`?` ??(``?G?5?ۦ?FQi'A`0$?? "?`(??/?)(&?8"?(0retB0&??x???#`??"@<??@"??@?@&/System/Library/CoreServices
                                                                                                                                    ??P"#??-( ??(2'?(?""Missing iTunes metadataPa?B?P?P??PowerChimeN!BLOf547L8H ?^H4B4H
           ?
 ??(0V?????GGTˢ???pEnglish?h x8?h?h??TextInputSwitchero%I
"9?(?DR^??       M?(?!pN???k                             v/08<x ?{?lx;B;x?
 8M(?' ?@??!en?~KK??~???WiFiAgent?%A?Of523?8? dO?a?3B3?
"?(xxfi.????1Y:L?x
    1?xQ(
         ??x
             ?(?
 ?k(??????
           y?p?????KernelEvent?
1??(8S`8T(88                   ?`Resour??"UI,[$t7?44b ^?_fBf?.;
            ?h"h`(8
 c?((
    8
      ??@8
           ??8??yboardAccess?,K
 ΰ(??1?`(???? ?(?1??d`?        ?3?7? $??p?=B=???#
    ??e??????Dwell%20!?rol6
                           %G E~Occ30~6? 9!?e?9B9??
1?6f(?                                             &|? ????	??("??(x
 ?((
   ???]g?"???jx??Applications/Utilities/TerminaKBHO0a8e|
k?A?
   ߝ??xH?C6???t"?l"@?>?@"V?@X?1? m@p??ךo? 0?(?
                                              ?K?q?????2?Startup%20DiskV'H FZ?8c9Z6  ?1G2?-s?~??:?!?bh?MobileActiv?.??-1 "Failed to create/? p?Volumes/Hardware/recoverylogd: 1 (Oper_` not p?Ztted)?LocalizedDescrip1={E?
@/JR@?,/?n@?,Odv??+/?x@?+???~@?+/7?@?,/$?@?,?"-@?+/dF@?,/wQ@?,/ne@?0-/.mp?
                                                                          0????@?+/G?@?,/?@?,?O8?@?+/?E@?,/{@?,/2?@?,/??@?,/Ӻ@?,/
                                                                                                                                 ?@?,/v?@?0x?! ?H 
                                                                                                                                                  0%:B:?!??!??
 o?(?!' +??!??2%20      %y?!'H F?!/a8~/7 ?˸*?                                                                                                                 ?!1ysr0!?!0%"bv(?!	?!"?(?!	?!1i?s(0%
                                             &?z??w%@
                                                   %"??@0?$@
                                                           H ??x%H`??oy` /r(`
                                                                             ?(?
{??z?D|f?(*??B?9%20Methods/VietnameseIM_@VIM-'*_ainer?/"2(?	?"Oe(?	(&??"/u(!X??'	(S?E??P1 ???	@@?(?(1U
?(H( p
      (??&@?٢??8?qInstall5%?/CDIS/Boot%20PickI<B @<?938<6`? ???
?                                                              E@*
[;-?Xx1?q??8	?&???"?t(?(XP1??(X&??X \(?|??!?	0/?j0h?< N?0h( ?(h@z?N?b?_5B5nKoreanP??1?	????"N
                                                                                                      (?("=:("KE(h6?A??
 f0? h(?
        _?@>????
|^*XJ?
A(?`1?? ?((ux}UJ8B0/?78 ?^0? ?`(??("[g(	(?"W?( A ??A)?
                                 0
                                  >l^??_1B1??}P
#SC?I
1,$??
     0?x.xN?X"n'XXH"?Y(H	`"^l(`
 r?(?(?
     0??/?zm??wBBB QJapan.
                          ?-KanaTyping9
                                       %.%?1?P?(
 ?(??                                           ???("?S(??"V?(?
    ? 
      ?@??????ssistive?8	?L?9(/46?99?` ???|`@B@'`?
 ?+(@?(@                                                 6Oism?./?
     ,?@8

?z8??{?DBD"??-Romaji
 0?(?"?(	A??A?͠(	/a?X1^??X
  ??s#?	.T			 ??x(
                                       "?
"?3?<?b??                               ?(
         ?
          ?/]q? x?0?
 %?(?
     81^
        @A5M?9߀X<u!B!@	:lSafari'      t7Y? ?
                                             9"?\88
8	"d?8 8
 .?(0???1"#?M XN4W?M`F&jR@ ??@A???x1???(?
    ?	7I?y?	d?	?	j?DiagsLoad?
                                            48Of4bdX	L ?N?
                                                             ?&B&$p
`?*bv41???*1` P1V2??@?V?I??2?-?-??-ȸ??%:%?7+9+p?.??.??.??.?3?bv4$  <?macField#./x?P1??x??"?!(x	h"?|(h	h"??(h&r.? ??(P	???e@5??("??(0??P['??("
         <5?/  G ????H?0x@<IY?ǀ??F8?{??2+??QM?GgC??X?'6?ʋ_?G?                                                                                  ?(+@?(V?("??(:?2?(t*^?1??`/?"?R4??x?`>% ???`>?( !?@?( ??@?(??????????;.(??? P               ?                 ?x?x 4P@?@ ?????5????=ջxg??s?8????n?ߤ?????V1?|Rf?;?P?Յ2??}:?OY?p??
Z?B?.??.`??m?@?? PaT?G?R?@?,/??@1??@L@?/8@?0CL??/N@P?E?
                   H     @<:? J?????4         `>/1?@?,/o?/?i?J?@?,?
Tr4j    5                            ?]?"???(7Zl?RemoteHID ?e? bp??00?_PreviousX?Devices]r??C??@?+/I?@?,/??@?,???@??8R?	,?
? 4/h@| ??@??@/@?1?                                            ?"??@??
\?;`v?$??8U????;?-?-??-ȸ??%:%?7+9+p?.??.??.??.?3? ?<+???R8̫ǆ?u??Ɛ28C?7g??,c8???)m;?ͭC?h:???	?.m?9G???V??ymde?????P?$?x?l?`?`????   ?,
p"?C?]??p??1?B0_??;?a?    ?5?$#?
??      ??@?X???+??????A        ?
?/pd"?S+tT(?n???E0?\Y?# ???S ? ?o?d? ` ]? ?? @@AP
0'B?.??.`?0/?OP"O?0?0?/?U0t???+?0@ ?`?$??8
|                           #?3?d1?&?????5\?CpI??       stZ
                                                                                                                                                                                                         p???hpp1?Wp$pB?̷????ttsutY?VibrantLight|??3}? C#?>Tq????D X9p>hrp???T@w?pt?"
?	?'?ߋ??>
               ??Κ?܇G?	}?"??-DĒh?	d?	??	l4h/?,?* ??	??	?7
                                                                                  p #??>|u?"?	(?B?	=?A1?
?Ec(@(0(
         M??>hv?H??T Sŀ>|w?H??\
                               ? !?>hx???T /??>|y???l@1???X{?h??D ?p>h|ph??DPx% ?ݰ>T}? ??D1?? ~p ??D
                                                                                                    ( ,/?>T????D Rp>h?p???T1ǭ?????T }ـ>|????\(x%1I?H??H??T /-?>|??H??\
                                                                                                                                                                      P F[?>h????T Qx?>|????l????
???h??D??
h?ph??DPx% ?:?>T?? ??D ?^p>h?p ??D
                                  ( ??>T?????D ??p>h?p???T1H4??????T ?`?>|????\(x% ???>h??H??T ,??>|??H??\
                                                                                                          P u֘>h????T m??>|????l@?|} x??h??D o?p>h?ph??DPx% ྰ>T?? ??D .?p>h?p ??D
                                                                                                                                                                               (1?~??????D ?>h?p???T1r??????????F*]h??;?\(?(V"?.?h[rV?I ??PP:?P
????????;.(????5?U??=ջxg??s?8????n?ߤ?????V1?|Rf?;?P?Յ2??}:?OY?p??
$??8
    \?C?.??.`???42?p??mm?E0?p?,?
?9
|
H
p
?
 @???4?	ܜT??j`?`0???kQ:?R????????1	???(??3*??1??)
?3
??	??@?X???)??0??g3l?
                          ???TV:?T???AP
P?!?"?_?U?{??J1e?W?W?{?N1pX?X?{?N1B]Y?Z????1ā]?\???"!??]?{?N1=H??_???1?Ք?a???"???b?{?N1?	??d?{?N"??e?{??tl??/jf   ??Q?
??`7?
     ?
      O??G	????x: 
                      ,y0

f?c? ?-hQG??;h<Bf"$@`&
                      j` 2:`P?t=`?""	Will Dim?&?0 ZY0B-<p???q
                                                                j`??[
                                                                     ?t="Did Dim?`\
                                                                                   ?KǁDwbv4$-bash-3.2# 
-bash-3.2# ls
Special				logd.0.log			logdata.statistics.0.txt	timesync			version.plist
-bash-3.2# 
